[ietechennai.in/index.html]
[backblue.gif]
[fade.gif]
[index.html]
[ietechennai.in/assets/vendor/bootstrap/css/bootstrap.min.css]
[ietechennai.in/assets/vendor/icofont/icofont.min.css]
[ietechennai.in/assets/vendor/boxicons/css/boxicons.min.css]
[ietechennai.in/assets/vendor/remixicon/remixicon.css]
[ietechennai.in/assets/vendor/owl.carousel/assets/owl.carousel.min.css]
[ietechennai.in/assets/vendor/animate.css/animate.min.css]
[ietechennai.in/assets/vendor/aos/aos.css]
[ietechennai.in/assets/css/style.css]
[ietechennai.in/assets/img/logo.png]
[ietechennai.in/index-2.html]
[ietechennai.in/about.html]
[ietechennai.in/trainers.html]
[ietechennai.in/events.html]
[ietechennai.in/pricing.html]
[ietechennai.in/chencon.html]
[ietechennai.in/assets/pdf/chencon2021_proceedings.pdf]
[ietechennai.in/assets/pdf/chenlink1_3.pdf]
[ietechennai.in/assets/pdf/chenlink1_2.pdf]
[ietechennai.in/assets/pdf/chenlink1_1.pdf]
[ietechennai.in/contact.html]
[ietechennai.in/specialseminar.html]
[ietechennai.in/assets/img/events/Slide4.jpg]
[ietechennai.in/assets/img/events/Slide3.jpg]
[ietechennai.in/assets/img/events/Slide12.jpg]
[ietechennai.in/assets/img/events/Slide2.jpg]
[ietechennai.in/assets/vendor/jquery/jquery.min.js]
[ietechennai.in/assets/vendor/bootstrap/js/bootstrap.bundle.min.js]
[ietechennai.in/assets/vendor/jquery.easing/jquery.easing.min.js]
[ietechennai.in/assets/vendor/php-email-form/validate.js]
[ietechennai.in/assets/vendor/waypoints/jquery.waypoints.min.js]
[ietechennai.in/assets/vendor/counterup/counterup.min.js]
[ietechennai.in/assets/vendor/owl.carousel/owl.carousel.min.js]
[ietechennai.in/assets/vendor/aos/aos.js]
[ietechennai.in/assets/js/main.js]
[ietechennai.in/index.html]
[ietechennai.in/assets/vendor/bootstrap/css/bootstrap.min.css]
[ietechennai.in/assets/vendor/icofont/fonts/icofont.woff2]
[ietechennai.in/assets/vendor/icofont/fonts/icofont.woff]
[ietechennai.in/assets/vendor/icofont/icofont.min.css]
[ietechennai.in/assets/vendor/boxicons/fonts/boxicons.woff2]
[ietechennai.in/assets/vendor/boxicons/fonts/boxicons.woff]
[ietechennai.in/assets/vendor/boxicons/fonts/boxicons.eot]
[ietechennai.in/assets/vendor/boxicons/fonts/boxicons.ttf]
[ietechennai.in/assets/vendor/boxicons/fonts/boxiconsd41d.svg]
[ietechennai.in/assets/vendor/boxicons/css/boxicons.min.css]
[ietechennai.in/assets/vendor/remixicon/remixicondf6d.woff2]
[ietechennai.in/assets/vendor/remixicon/remixicondf6d.eot]
[ietechennai.in/assets/vendor/remixicon/remixicondf6d.woff]
[ietechennai.in/assets/vendor/remixicon/remixicondf6d.svg]
[ietechennai.in/assets/vendor/remixicon/remixicon.css]
[ietechennai.in/assets/vendor/owl.carousel/assets/owl.carousel.min.css]
[ietechennai.in/assets/vendor/animate.css/animate.min.css]
[ietechennai.in/assets/vendor/aos/aos.css]
[ietechennai.in/assets/vendor/owl.carousel/assets/owl.video.play.png]
[unitus.vc/wp-content/uploads/2019/09/Indian-students-2-1-600x400.jpg]
[ietechennai.in/assets/css/style.css]
[ietechennai.in/index-2.html]
[ietechennai.in/assets/img/about.jpg]
[ietechennai.in/about.html]
[ietechennai.in/assets/img/trainers/6.jpg]
[ietechennai.in/assets/vendor/remixicon/remixicondf6d.ttf]
[ietechennai.in/assets/img/trainers/tata_sudhakar.jpg]
[cdn.pixabay.com/photo/2015/10/05/22/37/blank-profile-picture-973460_640.png]
[ietechennai.in/assets/img/trainers/4.jpg]
[ietechennai.in/assets/img/trainers/5.jpg]
[ietechennai.in/assets/img/trainers/arunkumar.jpg]
[ietechennai.in/assets/img/trainers/dr_vaishali.jpg]
[ietechennai.in/assets/img/trainers/arun.jpg]
[ietechennai.in/assets/img/trainers/sumathi.jpg]
[ietechennai.in/trainers.html]
[ietechennai.in/assets/img/favicon.3a.delayed]
[ietechennai.in/assets/img/apple-touch-icon.png]
[ietechennai.in/assets/pdf/CHENCON2022.pdf]
[ietechennai.in/assets/pdf/chencon_invitation.pdf]
[ietechennai.in/assets/pdf/chencon2022_proceedings.pdf]
[ietechennai.in/assets/img/events/chencon2022.jpg]
[ietechennai.in/assets/img/events/chencon22.jpg]
[ietechennai.in/assets/img/events/Slide1.jpg]
[ietechennai.in/assets/img/events/Slide11.jpg]
[ietechennai.in/assets/img/events/Slide10.jpg]
[ietechennai.in/assets/img/events/Slide9.jpg]
[ietechennai.in/assets/img/events/Slide8.45.delayed]
[ietechennai.in/assets/img/events/Slide7.png]
[ietechennai.in/assets/img/events/Slide13.png]
[ietechennai.in/assets/img/events/Slide6.png]
[ietechennai.in/assets/img/events/Slide5.png]
[ietechennai.in/events.html]
[ietechennai.in/pricing.html]
[ietechennai.in/chencon.html]
[ietechennai.in/assets/pdf/chencon2021_proceedings.pdf]
[ietechennai.in/assets/pdf/chenlink1_3.pdf]
[ietechennai.in/assets/pdf/chenlink1_2.pdf]
[ietechennai.in/assets/pdf/chenlink1_1.pdf]
[ietechennai.in/contact.html]
[ietechennai.in/specialseminar.html]
[ietechennai.in/assets/vendor/jquery/jquery.min.js]
[ietechennai.in/assets/vendor/bootstrap/js/bootstrap.bundle.min.js]
[ietechennai.in/assets/vendor/jquery.easing/jquery.easing.min.js]
[ietechennai.in/assets/vendor/php-email-form/validate.js]
[ietechennai.in/assets/vendor/waypoints/jquery.waypoints.min.js]
[ietechennai.in/assets/vendor/counterup/counterup.min.js]
[ietechennai.in/assets/vendor/owl.carousel/owl.carousel.min.js]
[ietechennai.in/assets/vendor/aos/aos.js]
[ietechennai.in/dist/index.html]
[ietechennai.in/assets/js/main.js]
[ietechennai.in/assets/vendor/boxicons/fonts/boxiconsd41d.svg]
[ietechennai.in/assets/vendor/remixicon/remixicondf6d.svg]
[ietechennai.in/assets/img/favicon.html]
[ietechennai.in/assets/img/apple-touch-icon.html]
[ietechennai.in/assets/img/events/Slide8.html]
[ietechennai.in/assets/img/events/Slide7.html]
[ietechennai.in/assets/img/events/Slide13.html]
[ietechennai.in/assets/img/events/Slide6.html]
[ietechennai.in/assets/img/events/Slide5.html]
[ietechennai.in/dist/index.html]
[ietechennai.in/assets/pdf/chencon2021_proceedings.pdf]
[ietechennai.in/assets/pdf/chencon2022_proceedings.pdf]
